// Jest Snapshot v1, https://goo.gl/fbAQLP

exports[`Matches snapshot 1`] = `
<DocumentFragment>
  <div
    class="Box"
    data-testid="orange"
    style="background-color: orange; width: 200px; height: 200px;"
  >
    <button
      class="Box"
    >
      X
    </button>
  </div>
</DocumentFragment>
`;
